node.exe : [baseline-b
rowser-mapping] The 
data in this module 
is over two months 
old.  To ensure 
accurate Baseline 
data, please update: 
`npm i baseline-browse
r-mapping@latest -D`
At line:1 char:1
+ & "C:\Program Files\
nodejs/node.exe" 
"C:\Program 
Files\nodejs/node_mo 
...
+ ~~~~~~~~~~~~~~~~~~~~
~~~~~~~~~~~~~~~~~~~~~~
~~~~~~~~~~~~~~~~~~~~~~
~~~~~
    + CategoryInfo    
          : NotSpeci  
  fied: ([baseline-   
 brows...ping@late    
st -D`:String) []    
, RemoteException
    + FullyQualifiedE 
   rrorId : NativeCo  
  mmandError
 
FAIL __tests__/smoke.t
est.tsx
  ΓùÅ Test suite 
failed to run

    Cannot find 
module '@/components/T
hemeToggle' from '__te
sts__/smoke.test.tsx'

    [0m [90m 18 
|[39m
     [90m 19 |[39m 
[90m// Mock 
ThemeToggle[39m
    [31m[1m>[22m[3
9m[90m 20 |[39m jest
[33m.[39mmock([32m'
@/components/ThemeTogg
le'[39m[33m,[39m 
() [33m=>[39m ({
     [90m    |[39m  
    
[31m[1m^[22m[39m
     [90m 21 |[39m  
   [33mThemeToggle[3
9m[33m:[39m () 
[33m=>[39m [33m<[3
9m[33mbutton[39m[33
m>[39m[33mToggle[39
m [33mTheme[39m[33m
<[39m[33m/[39m[33m
button[39m[33m>[39m
     [90m 22 |[39m 
}))[33m;[39m
     [90m 23 
|[39m[0m

      at Resolver._thr
owModNotFoundError (no
de_modules/jest-resolv
e/build/index.js:863:1
1)
      at Object.mock (
__tests__/smoke.test.t
sx:20:6)

Test Suites: 1 
failed, 1 total
Tests:       0 total
Snapshots:   0 total
Time:        1.312 s
Ran all test suites.
